mode: set
demo-go/src/cart.go:7.43,8.14 1 1
demo-go/src/cart.go:8.14,10.3 1 1
demo-go/src/cart.go:11.2,11.20 1 1
demo-go/src/cart.go:15.54,17.18 2 1
demo-go/src/cart.go:17.18,19.3 1 1
demo-go/src/cart.go:19.8,19.25 1 1
demo-go/src/cart.go:19.25,21.3 1 1
demo-go/src/cart.go:22.2,22.24 1 1
demo-go/src/cart.go:22.24,24.3 1 1
demo-go/src/cart.go:25.2,25.21 1 1
demo-go/src/cart.go:29.55,30.21 1 1
demo-go/src/cart.go:30.21,32.3 1 1
demo-go/src/cart.go:33.2,33.23 1 1
demo-go/src/cart.go:37.55,39.27 2 1
demo-go/src/cart.go:39.27,41.3 1 1
demo-go/src/cart.go:42.2,42.35 1 1
demo-go/src/cart.go:46.38,47.9 1 1
demo-go/src/cart.go:48.19,49.18 1 1
demo-go/src/cart.go:50.20,51.41 1 1
demo-go/src/cart.go:52.10,53.56 1 1
demo-go/src/cart.go:57.32,59.2 1 1
